<testsuites id="" name="" tests="33" failures="0" skipped="0" errors="7" time="95.162575">
<testsuite name="cart-checkout.spec.ts" timestamp="2026-08-28T18:10:39.401Z" hostname="chromium" tests="3" failures="0" skipped="0" time="23.933" errors="0">
<testcase name="Cart &amp; Checkout › added items appear correctly in the cart" classname="cart-checkout.spec.ts" time="8.094">
</testcase>
<testcase name="Cart &amp; Checkout › full checkout flow completes an order end to end" classname="cart-checkout.spec.ts" time="7.984">
</testcase>
<testcase name="Cart &amp; Checkout › checkout requires all fields to be filled" classname="cart-checkout.spec.ts" time="7.855">
</testcase>
</testsuite>
<testsuite name="inventory.spec.ts" timestamp="2026-08-28T18:10:39.401Z" hostname="chromium" tests="4" failures="0" skipped="0" time="31.264" errors="0">
<testcase name="Inventory › can add and remove an item from the cart" classname="inventory.spec.ts" time="7.993">
</testcase>
<testcase name="Inventory › cart badge reflects multiple items" classname="inventory.spec.ts" time="7.797">
</testcase>
<testcase name="Inventory › sorting by price low to high orders items correctly" classname="inventory.spec.ts" time="7.738">
</testcase>
<testcase name="Inventory › sorting by price high to low orders items correctly" classname="inventory.spec.ts" time="7.736">
</testcase>
</testsuite>
<testsuite name="login.spec.ts" timestamp="2026-08-28T18:10:39.401Z" hostname="chromium" tests="4" failures="0" skipped="0" time="10.346" errors="0">
<testcase name="Login › standard user can log in successfully" classname="login.spec.ts" time="6.596">
</testcase>
<testcase name="Login › locked out user sees an error message" classname="login.spec.ts" time="1.235">
</testcase>
<testcase name="Login › invalid password shows an error message" classname="login.spec.ts" time="1.266">
</testcase>
<testcase name="Login › empty credentials show a required-field error" classname="login.spec.ts" time="1.249">
</testcase>
</testsuite>
<testsuite name="cart-checkout.spec.ts" timestamp="2026-08-28T18:10:39.401Z" hostname="firefox" tests="3" failures="0" skipped="0" time="121.801" errors="3">
<testcase name="Cart &amp; Checkout › added items appear correctly in the cart" classname="cart-checkout.spec.ts" time="44.579">
<system-out>
<![CDATA[
[[ATTACHMENT|cart-checkout-Cart-Checkou-9e1ad-ppear-correctly-in-the-cart-firefox\test-failed-1.png]]

[[ATTACHMENT|cart-checkout-Cart-Checkou-9e1ad-ppear-correctly-in-the-cart-firefox\error-context.md]]

[[ATTACHMENT|cart-checkout-Cart-Checkou-9e1ad-ppear-correctly-in-the-cart-firefox\trace.zip]]
]]>
</system-out>
<error message="Tearing down &quot;context&quot; exceeded the test timeout of 30000ms." type="Error">
<![CDATA[  [firefox] › cart-checkout.spec.ts:15:7 › Cart & Checkout › added items appear correctly in the cart 

    Tearing down "context" exceeded the test timeout of 30000ms.

    Error: browserContext.close: Test ended.
    Browser logs:

    <launching> C:\Users\sagar\AppData\Local\ms-playwright\firefox-1538\firefox\firefox.exe -no-remote -headless -profile C:\Users\sagar\AppData\Local\Temp\playwright_firefoxdev_profile-eREjoK -juggler-pipe -silent
    <launched> pid=40524
    [pid=40524][err] *** You are running in headless mode.
    [pid=40524][err] JavaScript warning: resource://services-settings/Utils.sys.mjs, line 119: unreachable code after return statement
    [pid=40524][out] 
    [pid=40524][out] Juggler listening to the pipe
    [pid=40524][out] Crash Annotation GraphicsCriticalError: |[0][GFX1-]: RenderCompositorSWGL failed mapping default framebuffer, no dt (t=1.60076) [GFX1-]: RenderCompositorSWGL failed mapping default framebuffer, no dt
    [pid=40524][err] JavaScript error: chrome://juggler/content/Helper.js, line 82: NS_ERROR_FAILURE: Component returned failure code: 0x80004005 (NS_ERROR_FAILURE) [nsIWebProgress.removeProgressListener]
    [pid=40524][out] console.error: "Error fetching remote settings base url from CDN. Falling back to https://firefox-settings-attachments.cdn.mozilla.net/" (new SyntaxError("XMLHttpRequest.open: '/' is not a valid URL.", (void 0), 126))
    [pid=40524][out] console.warn: services.settings: #fetchAttachment: Forcing fallbackToDump to false due to Utils.LOAD_DUMPS being false
    [pid=40524][out] console.error: (new NotFoundError("Could not find fa0fc42c-d91d-fca7-34eb-806ff46062dc in cache or dump", "resource://services-settings/Attachments.sys.mjs", 48))
    [pid=40524][out] console.warn: "Unable to find the attachment for" "fa0fc42c-d91d-fca7-34eb-806ff46062dc"
    [pid=40524][out] console.error: services.settings: 
    [pid=40524][out]   Message: EmptyDatabaseError: "main/nimbus-desktop-experiments" has not been synced yet
    [pid=40524][out]   Stack:
    [pid=40524][out]     EmptyDatabaseError@resource://services-settings/Database.sys.mjs:19:5
    [pid=40524][out] list@resource://services-settings/Database.sys.mjs:96:13
    [pid=40524][out] 
    [pid=40524][out] console.error: [Exception... "Component returned failure code: 0x80070057 (NS_ERROR_ILLEGAL_VALUE) [nsIWinTaskbar.getTaskbarProgress]"  nsresult: "0x80070057 (NS_ERROR_ILLEGAL_VALUE)"  location: "JS frame :: moz-src:///browser/components/downloads/DownloadsTaskbar.sys.mjs :: #windowsAttachIndicator :: line 181"  data: no]
    [pid=40524][out] console.warn: LoginRecipes: "Falling back to a synchronous message for: https://www.saucedemo.com."
    [pid=40524][out] console.warn: LoginRecipes: "Falling back to a synchronous message for: https://www.saucedemo.com."
    [pid=40524] <gracefully close start>
    [pid=40524][out] 
    [pid=40524][out]         ERROR: Failed "callFunction": connector for namespace "page" in channel "undefined" is disposed. _rejectCallbacksFromConnector@chrome://juggler/content/SimpleChannel.js:108:25
    [pid=40524][out] dispose@chrome://juggler/content/SimpleChannel.js:119:27
    [pid=40524][out] dispose@chrome://juggler/content/protocol/PageHandler.js:152:23
    [pid=40524][out] _dispose@chrome://juggler/content/protocol/Dispatcher.js:117:21
    [pid=40524][out] destroySession@chrome://juggler/content/protocol/Dispatcher.js:35:13
    [pid=40524][out] dispose@chrome://juggler/content/protocol/BrowserHandler.js:77:24
    [pid=40524][out] _dispose@chrome://juggler/content/protocol/Dispatcher.js:117:21
    [pid=40524][out] _dispose@chrome://juggler/content/protocol/Dispatcher.js:41:23
    [pid=40524][out] observe/browserHandler<@chrome://juggler/content/components/Juggler.js:142:22
    [pid=40524][out] Browser.close@chrome://juggler/content/protocol/BrowserHandler.js:156:10
    [pid=40524][out] 
    [pid=40524][err] JavaScript warning: https://www.saucedemo.com/assets/index-XyuNVFOR.js, line 2: Script terminated by timeout at:
    [pid=40524][err] f@https://www.saucedemo.com/assets/index-XyuNVFOR.js:2:2419
    [pid=40524][err] addBreadcrumb@https://www.saucedemo.com/assets/index-XyuNVFOR.js:2:16899
    [pid=40524][err] start/<@https://www.saucedemo.com/assets/index-XyuNVFOR.js:4:53356
    [pid=40524][err] EventListener.handleEvent*start@https://www.saucedemo.com/assets/index-XyuNVFOR.js:4:53321
    [pid=40524][err] initialize@https://www.saucedemo.com/assets/index-XyuNVFOR.js:2:15831
    [pid=40524][err] initialize@https://www.saucedemo.com/assets/index-XyuNVFOR.js:4:25647
    [pid=40524][err] build@https://www.saucedemo.com/assets/index-XyuNVFOR.js:6:3918
    [pid=40524][err] initialize@https://www.saucedemo.com/assets/index-XyuNVFOR.js:8:403
    [pid=40524][err] @https://www.saucedemo.com/assets/index-XyuNVFOR.js:575:10113
    [pid=40524][err] 
    [pid=40524][err] JavaScript error: chrome://juggler/content/Helper.js, line 82: NS_ERROR_FAILURE: Component returned failure code: 0x80004005 (NS_ERROR_FAILURE) [nsIWebProgress.removeProgressListener]
    [pid=40524][out]       
    [pid=40524][out]         ERROR: Component returned failure code: 0x80004005 (NS_ERROR_FAILURE) [nsIRemoteDebuggingPipe.sendMessage] send@chrome://juggler/content/components/Juggler.js:134:18
    [pid=40524][out] _dispatch@chrome://juggler/content/protocol/Dispatcher.js:76:24
    [pid=40524][out] ssi_onQuitApplicationGranted@resource:///modules/sessionstore/SessionStore.sys.mjs:2945:19
    [pid=40524][out] ssi_observe@resource:///modules/sessionstore/SessionStore.sys.mjs:1632:14
    [pid=40524][out] observe/browserHandler<@chrome://juggler/content/components/Juggler.js:143:16
    [pid=40524][out] Browser.close@chrome://juggler/content/protocol/BrowserHandler.js:156:10
    [pid=40524][out] 
    [pid=40524][err] JavaScript error: chrome://juggler/content/components/Juggler.js, line 134: NS_ERROR_FAILURE: Component returned failure code: 0x80004005 (NS_ERROR_FAILURE) [nsIRemoteDebuggingPipe.sendMessage]
    [pid=40524][err] JavaScript error: chrome://juggler/content/components/Juggler.js, line 134: NS_ERROR_FAILURE: Component returned failure code: 0x80004005 (NS_ERROR_FAILURE) [nsIRemoteDebuggingPipe.sendMessage]
    [pid=40524][err] JavaScript warning: resource://gre/modules/UpdateService.sys.mjs, line 4029: unreachable code after return statement
    [pid=40524][out]       1787940714288	addons.xpi	ERROR	System addon update list error [Exception... "<no message>"  nsresult: "0x8046001e (<unknown>)"  location: "JS frame :: resource://gre/modules/ServiceRequest.sys.mjs :: open :: line 126"  data: no]

    attachment #1: screenshot (image/png) ──────────────────────────────────────────────────────────
    ..\test-results\cart-checkout-Cart-Checkou-9e1ad-ppear-correctly-in-the-cart-firefox\test-failed-1.png
    ────────────────────────────────────────────────────────────────────────────────────────────────

    Error Context: ..\test-results\cart-checkout-Cart-Checkou-9e1ad-ppear-correctly-in-the-cart-firefox\error-context.md

    attachment #3: trace (application/zip) ─────────────────────────────────────────────────────────
    ..\test-results\cart-checkout-Cart-Checkou-9e1ad-ppear-correctly-in-the-cart-firefox\trace.zip
    Usage:

        npx playwright show-trace ..\test-results\cart-checkout-Cart-Checkou-9e1ad-ppear-correctly-in-the-cart-firefox\trace.zip

    ────────────────────────────────────────────────────────────────────────────────────────────────
]]>
</error>
</testcase>
<testcase name="Cart &amp; Checkout › full checkout flow completes an order end to end" classname="cart-checkout.spec.ts" time="42.217">
<system-out>
<![CDATA[
[[ATTACHMENT|cart-checkout-Cart-Checkou-4c3c3-mpletes-an-order-end-to-end-firefox\test-failed-1.png]]

[[ATTACHMENT|cart-checkout-Cart-Checkou-4c3c3-mpletes-an-order-end-to-end-firefox\error-context.md]]

[[ATTACHMENT|cart-checkout-Cart-Checkou-4c3c3-mpletes-an-order-end-to-end-firefox\trace.zip]]
]]>
</system-out>
<error message="Tearing down &quot;context&quot; exceeded the test timeout of 30000ms." type="Error">
<![CDATA[  [firefox] › cart-checkout.spec.ts:29:7 › Cart & Checkout › full checkout flow completes an order end to end 

    Tearing down "context" exceeded the test timeout of 30000ms.

    Error: browserContext.close: Test ended.
    Browser logs:

    <launching> C:\Users\sagar\AppData\Local\ms-playwright\firefox-1538\firefox\firefox.exe -no-remote -headless -profile C:\Users\sagar\AppData\Local\Temp\playwright_firefoxdev_profile-ALK7zu -juggler-pipe -silent
    <launched> pid=53632
    [pid=53632][err] *** You are running in headless mode.
    [pid=53632][err] JavaScript warning: resource://services-settings/Utils.sys.mjs, line 119: unreachable code after return statement
    [pid=53632][out] 
    [pid=53632][out] Juggler listening to the pipe
    [pid=53632][out] Crash Annotation GraphicsCriticalError: |[0][GFX1-]: RenderCompositorSWGL failed mapping default framebuffer, no dt (t=5.2547) [GFX1-]: RenderCompositorSWGL failed mapping default framebuffer, no dt
    [pid=53632][err] JavaScript error: chrome://juggler/content/Helper.js, line 82: NS_ERROR_FAILURE: Component returned failure code: 0x80004005 (NS_ERROR_FAILURE) [nsIWebProgress.removeProgressListener]
    [pid=53632][out] console.error: "Error fetching remote settings base url from CDN. Falling back to https://firefox-settings-attachments.cdn.mozilla.net/" (new SyntaxError("XMLHttpRequest.open: '/' is not a valid URL.", (void 0), 126))
    [pid=53632][out] console.warn: services.settings: #fetchAttachment: Forcing fallbackToDump to false due to Utils.LOAD_DUMPS being false
    [pid=53632][out] console.error: (new NotFoundError("Could not find fa0fc42c-d91d-fca7-34eb-806ff46062dc in cache or dump", "resource://services-settings/Attachments.sys.mjs", 48))
    [pid=53632][out] console.warn: "Unable to find the attachment for" "fa0fc42c-d91d-fca7-34eb-806ff46062dc"
    [pid=53632][out] console.error: services.settings: 
    [pid=53632][out]   Message: EmptyDatabaseError: "main/nimbus-desktop-experiments" has not been synced yet
    [pid=53632][out]   Stack:
    [pid=53632][out]     EmptyDatabaseError@resource://services-settings/Database.sys.mjs:19:5
    [pid=53632][out] list@resource://services-settings/Database.sys.mjs:96:13
    [pid=53632][out] 
    [pid=53632][out] console.error: [Exception... "Component returned failure code: 0x80070057 (NS_ERROR_ILLEGAL_VALUE) [nsIWinTaskbar.getTaskbarProgress]"  nsresult: "0x80070057 (NS_ERROR_ILLEGAL_VALUE)"  location: "JS frame :: moz-src:///browser/components/downloads/DownloadsTaskbar.sys.mjs :: #windowsAttachIndicator :: line 181"  data: no]
    [pid=53632][out] console.warn: LoginRecipes: "Falling back to a synchronous message for: https://www.saucedemo.com."
    [pid=53632][out] console.warn: LoginRecipes: "Falling back to a synchronous message for: https://www.saucedemo.com."
    [pid=53632] <gracefully close start>
    [pid=53632][out] 
    [pid=53632][out]         ERROR: Failed "callFunction": connector for namespace "page" in channel "undefined" is disposed. _rejectCallbacksFromConnector@chrome://juggler/content/SimpleChannel.js:108:25
    [pid=53632][out] dispose@chrome://juggler/content/SimpleChannel.js:119:27
    [pid=53632][out] dispose@chrome://juggler/content/protocol/PageHandler.js:152:23
    [pid=53632][out] _dispose@chrome://juggler/content/protocol/Dispatcher.js:117:21
    [pid=53632][out] destroySession@chrome://juggler/content/protocol/Dispatcher.js:35:13
    [pid=53632][out] dispose@chrome://juggler/content/protocol/BrowserHandler.js:77:24
    [pid=53632][out] _dispose@chrome://juggler/content/protocol/Dispatcher.js:117:21
    [pid=53632][out] _dispose@chrome://juggler/content/protocol/Dispatcher.js:41:23
    [pid=53632][out] observe/browserHandler<@chrome://juggler/content/components/Juggler.js:142:22
    [pid=53632][out] Browser.close@chrome://juggler/content/protocol/BrowserHandler.js:156:10
    [pid=53632][out] 
    [pid=53632][err] JavaScript warning: https://www.saucedemo.com/assets/index-XyuNVFOR.js, line 2: Script terminated by timeout at:
    [pid=53632][err] prepareBreadcrumbMessage@https://www.saucedemo.com/assets/index-XyuNVFOR.js:2:17456
    [pid=53632][err] addBreadcrumb@https://www.saucedemo.com/assets/index-XyuNVFOR.js:2:16296
    [pid=53632][err] start/<@https://www.saucedemo.com/assets/index-XyuNVFOR.js:4:53356
    [pid=53632][err] EventListener.handleEvent*start@https://www.saucedemo.com/assets/index-XyuNVFOR.js:4:53321
    [pid=53632][err] initialize@https://www.saucedemo.com/assets/index-XyuNVFOR.js:2:15831
    [pid=53632][err] initialize@https://www.saucedemo.com/assets/index-XyuNVFOR.js:4:25647
    [pid=53632][err] build@https://www.saucedemo.com/assets/index-XyuNVFOR.js:6:3918
    [pid=53632][err] initialize@https://www.saucedemo.com/assets/index-XyuNVFOR.js:8:403
    [pid=53632][err] @https://www.saucedemo.com/assets/index-XyuNVFOR.js:575:10113
    [pid=53632][err] 
    [pid=53632][err] JavaScript error: chrome://juggler/content/Helper.js, line 82: NS_ERROR_FAILURE: Component returned failure code: 0x80004005 (NS_ERROR_FAILURE) [nsIWebProgress.removeProgressListener]
    [pid=53632][out]       
    [pid=53632][out]         ERROR: Component returned failure code: 0x80004005 (NS_ERROR_FAILURE) [nsIRemoteDebuggingPipe.sendMessage] send@chrome://juggler/content/components/Juggler.js:134:18
    [pid=53632][out] _dispatch@chrome://juggler/content/protocol/Dispatcher.js:76:24
    [pid=53632][out] ssi_onQuitApplicationGranted@resource:///modules/sessionstore/SessionStore.sys.mjs:2945:19
    [pid=53632][out] ssi_observe@resource:///modules/sessionstore/SessionStore.sys.mjs:1632:14
    [pid=53632][out] observe/browserHandler<@chrome://juggler/content/components/Juggler.js:143:16
    [pid=53632][out] Browser.close@chrome://juggler/content/protocol/BrowserHandler.js:156:10
    [pid=53632][out] 
    [pid=53632][err] JavaScript error: chrome://juggler/content/components/Juggler.js, line 134: NS_ERROR_FAILURE: Component returned failure code: 0x80004005 (NS_ERROR_FAILURE) [nsIRemoteDebuggingPipe.sendMessage]
    [pid=53632][err] JavaScript error: chrome://juggler/content/components/Juggler.js, line 134: NS_ERROR_FAILURE: Component returned failure code: 0x80004005 (NS_ERROR_FAILURE) [nsIRemoteDebuggingPipe.sendMessage]
    [pid=53632][err] JavaScript warning: resource://gre/modules/UpdateService.sys.mjs, line 4029: unreachable code after return statement
    [pid=53632][out]       1787940714388	addons.xpi	ERROR	System addon update list error [Exception... "<no message>"  nsresult: "0x8046001e (<unknown>)"  location: "JS frame :: resource://gre/modules/ServiceRequest.sys.mjs :: open :: line 126"  data: no]

    attachment #1: screenshot (image/png) ──────────────────────────────────────────────────────────
    ..\test-results\cart-checkout-Cart-Checkou-4c3c3-mpletes-an-order-end-to-end-firefox\test-failed-1.png
    ────────────────────────────────────────────────────────────────────────────────────────────────

    Error Context: ..\test-results\cart-checkout-Cart-Checkou-4c3c3-mpletes-an-order-end-to-end-firefox\error-context.md

    attachment #3: trace (application/zip) ─────────────────────────────────────────────────────────
    ..\test-results\cart-checkout-Cart-Checkou-4c3c3-mpletes-an-order-end-to-end-firefox\trace.zip
    Usage:

        npx playwright show-trace ..\test-results\cart-checkout-Cart-Checkou-4c3c3-mpletes-an-order-end-to-end-firefox\trace.zip

    ────────────────────────────────────────────────────────────────────────────────────────────────
]]>
</error>
</testcase>
<testcase name="Cart &amp; Checkout › checkout requires all fields to be filled" classname="cart-checkout.spec.ts" time="35.005">
<system-out>
<![CDATA[
[[ATTACHMENT|cart-checkout-Cart-Checkou-4e729-res-all-fields-to-be-filled-firefox\test-failed-1.png]]

[[ATTACHMENT|cart-checkout-Cart-Checkou-4e729-res-all-fields-to-be-filled-firefox\video.webm]]

[[ATTACHMENT|cart-checkout-Cart-Checkou-4e729-res-all-fields-to-be-filled-firefox\error-context.md]]

[[ATTACHMENT|cart-checkout-Cart-Checkou-4e729-res-all-fields-to-be-filled-firefox\trace.zip]]
]]>
</system-out>
<error message="Test timeout of 30000ms exceeded while running &quot;beforeEach&quot; hook." type="Error">
<![CDATA[  [firefox] › cart-checkout.spec.ts:51:7 › Cart & Checkout › checkout requires all fields to be filled 

    Test timeout of 30000ms exceeded while running "beforeEach" hook.

       7 |
       8 | test.describe('Cart & Checkout', () => {
    >  9 |   test.beforeEach(async ({ page }) => {
         |        ^
      10 |     const loginPage = new LoginPage(page);
      11 |     await loginPage.goto();
      12 |     await loginPage.login(users.standard.username, users.standard.password);
        at C:\Users\sagar\Interview Preparation\Automation_CI_CD\saucedemo-playwright\tests\cart-checkout.spec.ts:9:8

    attachment #1: screenshot (image/png) ──────────────────────────────────────────────────────────
    ..\test-results\cart-checkout-Cart-Checkou-4e729-res-all-fields-to-be-filled-firefox\test-failed-1.png
    ────────────────────────────────────────────────────────────────────────────────────────────────

    attachment #2: video (video/webm) ──────────────────────────────────────────────────────────────
    ..\test-results\cart-checkout-Cart-Checkou-4e729-res-all-fields-to-be-filled-firefox\video.webm
    ────────────────────────────────────────────────────────────────────────────────────────────────

    Error Context: ..\test-results\cart-checkout-Cart-Checkou-4e729-res-all-fields-to-be-filled-firefox\error-context.md

    attachment #4: trace (application/zip) ─────────────────────────────────────────────────────────
    ..\test-results\cart-checkout-Cart-Checkou-4e729-res-all-fields-to-be-filled-firefox\trace.zip
    Usage:

        npx playwright show-trace ..\test-results\cart-checkout-Cart-Checkou-4e729-res-all-fields-to-be-filled-firefox\trace.zip

    ────────────────────────────────────────────────────────────────────────────────────────────────
]]>
</error>
</testcase>
</testsuite>
<testsuite name="inventory.spec.ts" timestamp="2026-08-28T18:10:39.401Z" hostname="firefox" tests="4" failures="0" skipped="0" time="180.4" errors="3">
<testcase name="Inventory › can add and remove an item from the cart" classname="inventory.spec.ts" time="46.498">
<system-out>
<![CDATA[
[[ATTACHMENT|inventory-Inventory-can-add-and-remove-an-item-from-the-cart-firefox\video.webm]]

[[ATTACHMENT|inventory-Inventory-can-add-and-remove-an-item-from-the-cart-firefox\error-context.md]]

[[ATTACHMENT|inventory-Inventory-can-add-and-remove-an-item-from-the-cart-firefox\trace.zip]]
]]>
</system-out>
<error message="Test timeout of 30000ms exceeded while running &quot;beforeEach&quot; hook." type="Error">
<![CDATA[  [firefox] › inventory.spec.ts:13:7 › Inventory › can add and remove an item from the cart ────────

    Test timeout of 30000ms exceeded while running "beforeEach" hook.

       5 |
       6 | test.describe('Inventory', () => {
    >  7 |   test.beforeEach(async ({ page }) => {
         |        ^
       8 |     const loginPage = new LoginPage(page);
       9 |     await loginPage.goto();
      10 |     await loginPage.login(users.standard.username, users.standard.password);
        at C:\Users\sagar\Interview Preparation\Automation_CI_CD\saucedemo-playwright\tests\inventory.spec.ts:7:8

    TimeoutError: locator.click: Timeout 10000ms exceeded.
    Call log:
      - waiting for locator('#login-button')
        - locator resolved to <input type="submit" value="Login" id="login-button" name="login-button" data-test="login-button" class="submit-button btn_action"/>
      - attempting click action
        - waiting for element to be visible, enabled and stable
        - element is visible, enabled and stable
        - scrolling into view if needed
        - done scrolling
        - performing click action


       at ..\pages\LoginPage.ts:25

      23 |     await this.usernameInput.fill(username);
      24 |     await this.passwordInput.fill(password);
    > 25 |     await this.loginButton.click();
         |                            ^
      26 |   }
      27 |
      28 |   async expectErrorMessage(text: string) {
        at LoginPage.login (C:\Users\sagar\Interview Preparation\Automation_CI_CD\saucedemo-playwright\pages\LoginPage.ts:25:28)
        at C:\Users\sagar\Interview Preparation\Automation_CI_CD\saucedemo-playwright\tests\inventory.spec.ts:10:5

    attachment #1: video (video/webm) ──────────────────────────────────────────────────────────────
    ..\test-results\inventory-Inventory-can-add-and-remove-an-item-from-the-cart-firefox\video.webm
    ────────────────────────────────────────────────────────────────────────────────────────────────

    Error Context: ..\test-results\inventory-Inventory-can-add-and-remove-an-item-from-the-cart-firefox\error-context.md

    attachment #3: trace (application/zip) ─────────────────────────────────────────────────────────
    ..\test-results\inventory-Inventory-can-add-and-remove-an-item-from-the-cart-firefox\trace.zip
    Usage:

        npx playwright show-trace ..\test-results\inventory-Inventory-can-add-and-remove-an-item-from-the-cart-firefox\trace.zip

    ────────────────────────────────────────────────────────────────────────────────────────────────
]]>
</error>
</testcase>
<testcase name="Inventory › cart badge reflects multiple items" classname="inventory.spec.ts" time="48.611">
<system-out>
<![CDATA[
[[ATTACHMENT|inventory-Inventory-cart-badge-reflects-multiple-items-firefox\video.webm]]

[[ATTACHMENT|inventory-Inventory-cart-badge-reflects-multiple-items-firefox\error-context.md]]

[[ATTACHMENT|inventory-Inventory-cart-badge-reflects-multiple-items-firefox\trace.zip]]
]]>
</system-out>
<error message="Test timeout of 30000ms exceeded while running &quot;beforeEach&quot; hook." type="Error">
<![CDATA[  [firefox] › inventory.spec.ts:23:7 › Inventory › cart badge reflects multiple items ──────────────

    Test timeout of 30000ms exceeded while running "beforeEach" hook.

       5 |
       6 | test.describe('Inventory', () => {
    >  7 |   test.beforeEach(async ({ page }) => {
         |        ^
       8 |     const loginPage = new LoginPage(page);
       9 |     await loginPage.goto();
      10 |     await loginPage.login(users.standard.username, users.standard.password);
        at C:\Users\sagar\Interview Preparation\Automation_CI_CD\saucedemo-playwright\tests\inventory.spec.ts:7:8

    attachment #1: video (video/webm) ──────────────────────────────────────────────────────────────
    ..\test-results\inventory-Inventory-cart-badge-reflects-multiple-items-firefox\video.webm
    ────────────────────────────────────────────────────────────────────────────────────────────────

    Error Context: ..\test-results\inventory-Inventory-cart-badge-reflects-multiple-items-firefox\error-context.md

    attachment #3: trace (application/zip) ─────────────────────────────────────────────────────────
    ..\test-results\inventory-Inventory-cart-badge-reflects-multiple-items-firefox\trace.zip
    Usage:

        npx playwright show-trace ..\test-results\inventory-Inventory-cart-badge-reflects-multiple-items-firefox\trace.zip

    ────────────────────────────────────────────────────────────────────────────────────────────────
]]>
</error>
</testcase>
<testcase name="Inventory › sorting by price low to high orders items correctly" classname="inventory.spec.ts" time="42.2">
</testcase>
<testcase name="Inventory › sorting by price high to low orders items correctly" classname="inventory.spec.ts" time="43.091">
<system-out>
<![CDATA[
[[ATTACHMENT|inventory-Inventory-sortin-ccae2--low-orders-items-correctly-firefox\test-failed-1.png]]

[[ATTACHMENT|inventory-Inventory-sortin-ccae2--low-orders-items-correctly-firefox\video.webm]]

[[ATTACHMENT|inventory-Inventory-sortin-ccae2--low-orders-items-correctly-firefox\error-context.md]]

[[ATTACHMENT|inventory-Inventory-sortin-ccae2--low-orders-items-correctly-firefox\trace.zip]]
]]>
</system-out>
<error message="Test timeout of 30000ms exceeded while running &quot;beforeEach&quot; hook." type="Error">
<![CDATA[  [firefox] › inventory.spec.ts:43:7 › Inventory › sorting by price high to low orders items correctly 

    Test timeout of 30000ms exceeded while running "beforeEach" hook.

       5 |
       6 | test.describe('Inventory', () => {
    >  7 |   test.beforeEach(async ({ page }) => {
         |        ^
       8 |     const loginPage = new LoginPage(page);
       9 |     await loginPage.goto();
      10 |     await loginPage.login(users.standard.username, users.standard.password);
        at C:\Users\sagar\Interview Preparation\Automation_CI_CD\saucedemo-playwright\tests\inventory.spec.ts:7:8

    attachment #1: screenshot (image/png) ──────────────────────────────────────────────────────────
    ..\test-results\inventory-Inventory-sortin-ccae2--low-orders-items-correctly-firefox\test-failed-1.png
    ────────────────────────────────────────────────────────────────────────────────────────────────

    attachment #2: video (video/webm) ──────────────────────────────────────────────────────────────
    ..\test-results\inventory-Inventory-sortin-ccae2--low-orders-items-correctly-firefox\video.webm
    ────────────────────────────────────────────────────────────────────────────────────────────────

    Error Context: ..\test-results\inventory-Inventory-sortin-ccae2--low-orders-items-correctly-firefox\error-context.md

    attachment #4: trace (application/zip) ─────────────────────────────────────────────────────────
    ..\test-results\inventory-Inventory-sortin-ccae2--low-orders-items-correctly-firefox\trace.zip
    Usage:

        npx playwright show-trace ..\test-results\inventory-Inventory-sortin-ccae2--low-orders-items-correctly-firefox\trace.zip

    ────────────────────────────────────────────────────────────────────────────────────────────────
]]>
</error>
</testcase>
</testsuite>
<testsuite name="login.spec.ts" timestamp="2026-08-28T18:10:39.401Z" hostname="firefox" tests="4" failures="0" skipped="0" time="60.131" errors="1">
<testcase name="Login › standard user can log in successfully" classname="login.spec.ts" time="43.578">
<system-out>
<![CDATA[
[[ATTACHMENT|login-Login-standard-user-can-log-in-successfully-firefox\test-failed-1.png]]

[[ATTACHMENT|login-Login-standard-user-can-log-in-successfully-firefox\video.webm]]

[[ATTACHMENT|login-Login-standard-user-can-log-in-successfully-firefox\error-context.md]]

[[ATTACHMENT|login-Login-standard-user-can-log-in-successfully-firefox\trace.zip]]
]]>
</system-out>
<error message="Test timeout of 30000ms exceeded." type="Error">
<![CDATA[  [firefox] › login.spec.ts:7:7 › Login › standard user can log in successfully ────────────────────

    Test timeout of 30000ms exceeded.

    attachment #1: screenshot (image/png) ──────────────────────────────────────────────────────────
    ..\test-results\login-Login-standard-user-can-log-in-successfully-firefox\test-failed-1.png
    ────────────────────────────────────────────────────────────────────────────────────────────────

    attachment #2: video (video/webm) ──────────────────────────────────────────────────────────────
    ..\test-results\login-Login-standard-user-can-log-in-successfully-firefox\video.webm
    ────────────────────────────────────────────────────────────────────────────────────────────────

    Error Context: ..\test-results\login-Login-standard-user-can-log-in-successfully-firefox\error-context.md

    attachment #4: trace (application/zip) ─────────────────────────────────────────────────────────
    ..\test-results\login-Login-standard-user-can-log-in-successfully-firefox\trace.zip
    Usage:

        npx playwright show-trace ..\test-results\login-Login-standard-user-can-log-in-successfully-firefox\trace.zip

    ────────────────────────────────────────────────────────────────────────────────────────────────
]]>
</error>
</testcase>
<testcase name="Login › locked out user sees an error message" classname="login.spec.ts" time="3.392">
</testcase>
<testcase name="Login › invalid password shows an error message" classname="login.spec.ts" time="7.626">
</testcase>
<testcase name="Login › empty credentials show a required-field error" classname="login.spec.ts" time="5.535">
</testcase>
</testsuite>
<testsuite name="cart-checkout.spec.ts" timestamp="2026-08-28T18:10:39.401Z" hostname="webkit" tests="3" failures="0" skipped="0" time="26.592" errors="0">
<testcase name="Cart &amp; Checkout › added items appear correctly in the cart" classname="cart-checkout.spec.ts" time="6.473">
</testcase>
<testcase name="Cart &amp; Checkout › full checkout flow completes an order end to end" classname="cart-checkout.spec.ts" time="11.258">
</testcase>
<testcase name="Cart &amp; Checkout › checkout requires all fields to be filled" classname="cart-checkout.spec.ts" time="8.861">
</testcase>
</testsuite>
<testsuite name="inventory.spec.ts" timestamp="2026-08-28T18:10:39.401Z" hostname="webkit" tests="4" failures="0" skipped="0" time="18.691" errors="0">
<testcase name="Inventory › can add and remove an item from the cart" classname="inventory.spec.ts" time="4.586">
</testcase>
<testcase name="Inventory › cart badge reflects multiple items" classname="inventory.spec.ts" time="5.946">
</testcase>
<testcase name="Inventory › sorting by price low to high orders items correctly" classname="inventory.spec.ts" time="4.337">
</testcase>
<testcase name="Inventory › sorting by price high to low orders items correctly" classname="inventory.spec.ts" time="3.822">
</testcase>
</testsuite>
<testsuite name="login.spec.ts" timestamp="2026-08-28T18:10:39.401Z" hostname="webkit" tests="4" failures="0" skipped="0" time="24.086" errors="0">
<testcase name="Login › standard user can log in successfully" classname="login.spec.ts" time="3.732">
</testcase>
<testcase name="Login › locked out user sees an error message" classname="login.spec.ts" time="6.363">
</testcase>
<testcase name="Login › invalid password shows an error message" classname="login.spec.ts" time="7.035">
</testcase>
<testcase name="Login › empty credentials show a required-field error" classname="login.spec.ts" time="6.956">
</testcase>
</testsuite>
</testsuites>